\BOOKMARK [1][-]{section*.2}{\376\377\000D\000e\000p\000l\000o\000y\000m\000e\000n\000t}{}% 1
\BOOKMARK [1][-]{section*.3}{\376\377\000M\000o\000t\000i\000v\000a\000t\000i\000o\000n}{}% 2
\BOOKMARK [1][-]{section*.4}{\376\377\000O\000u\000r\000\040\000A\000i\000m}{}% 3
\BOOKMARK [1][-]{section*.5}{\376\377\000M\000i\000l\000e\000s\000t\000o\000n\000e\000\040\0000\0002\000\040\000R\000e\000q\000u\000i\000r\000e\000m\000e\000n\000t\000\040\000T\000r\000a\000c\000e\000a\000b\000i\000l\000i\000t\000y}{}% 4
\BOOKMARK [1][-]{section*.6}{\376\377\000U\000s\000e\000r\000\040\000S\000t\000o\000r\000i\000e\000s}{}% 5
\BOOKMARK [1][-]{section*.7}{\376\377\000O\000v\000e\000r\000a\000l\000l\000\040\000A\000r\000c\000h\000i\000t\000e\000c\000t\000u\000r\000e\000\040\000D\000i\000a\000g\000r\000a\000m}{}% 6
\BOOKMARK [1][-]{section*.9}{\376\377\000C\000o\000r\000e\000\040\000F\000e\000a\000t\000u\000r\000e\000s}{}% 7
\BOOKMARK [1][-]{section*.10}{\376\377\000F\000e\000a\000t\000u\000r\000e\000\040\000I\000d\000e\000a\000t\000i\000o\000n}{}% 8
\BOOKMARK [1][-]{section*.11}{\376\377\000R\000e\000p\000o\000s\000i\000t\000o\000r\000y\000\040\000a\000n\000d\000\040\000P\000r\000o\000j\000e\000c\000t\000\040\000F\000o\000u\000n\000d\000a\000t\000i\000o\000n}{}% 9
\BOOKMARK [2][-]{section*.12}{\376\377\000P\000r\000o\000j\000e\000c\000t\000\040\000S\000t\000r\000u\000c\000t\000u\000r\000e\000\040\000a\000n\000d\000\040\000V\000e\000r\000s\000i\000o\000n\000\040\000C\000o\000n\000t\000r\000o\000l}{section*.11}% 10
\BOOKMARK [1][-]{section*.14}{\376\377\000P\000r\000o\000j\000e\000c\000t\000-\000L\000e\000v\000e\000l\000\040\000S\000o\000f\000t\000w\000a\000r\000e\000\040\000E\000n\000g\000i\000n\000e\000e\000r\000i\000n\000g}{}% 11
\BOOKMARK [2][-]{section*.15}{\376\377\000G\000i\000t\000H\000u\000b\000\040\000P\000r\000o\000j\000e\000c\000t\000\040\000M\000a\000n\000a\000g\000e\000m\000e\000n\000t}{section*.14}% 12
\BOOKMARK [2][-]{section*.17}{\376\377\000M\0002\000\040\000S\000p\000r\000i\000n\000t\000\040\000P\000l\000a\000n\000\040\000a\000n\000d\000\040\000A\000l\000l\000o\000c\000a\000t\000i\000o\000n}{section*.14}% 13
\BOOKMARK [2][-]{section*.18}{\376\377\000E\000n\000g\000i\000n\000e\000e\000r\000i\000n\000g\000\040\000P\000r\000i\000n\000c\000i\000p\000l\000e\000s}{section*.14}% 14
\BOOKMARK [2][-]{section*.19}{\376\377\000R\000i\000s\000k\000\040\000M\000a\000n\000a\000g\000e\000m\000e\000n\000t}{section*.14}% 15
\BOOKMARK [1][-]{section*.20}{\376\377\000A\000u\000t\000h\000e\000n\000t\000i\000c\000a\000t\000i\000o\000n\000\040\000a\000n\000d\000\040\000P\000r\000o\000t\000e\000c\000t\000e\000d\000\040\000A\000c\000c\000e\000s\000s}{}% 16
\BOOKMARK [2][-]{section*.21}{\376\377\000E\000m\000a\000i\000l\000,\000\040\000D\000e\000m\000o\000,\000\040\000a\000n\000d\000\040\000G\000o\000o\000g\000l\000e\000\040\000S\000i\000g\000n\000-\000I\000n}{section*.20}% 17
\BOOKMARK [2][-]{section*.23}{\376\377\000P\000a\000s\000s\000w\000o\000r\000d\000\040\000R\000e\000c\000o\000v\000e\000r\000y\000\040\000a\000n\000d\000\040\000C\000h\000a\000n\000g\000e}{section*.20}% 18
\BOOKMARK [2][-]{section*.24}{\376\377\000P\000r\000o\000t\000e\000c\000t\000e\000d\000\040\000R\000o\000u\000t\000e\000s}{section*.20}% 19
\BOOKMARK [2][-]{section*.25}{\376\377\000A\000u\000t\000h\000e\000n\000t\000i\000c\000a\000t\000i\000o\000n\000\040\000S\000e\000q\000u\000e\000n\000c\000e\000\040\000D\000i\000a\000g\000r\000a\000m}{section*.20}% 20
\BOOKMARK [1][-]{section*.27}{\376\377\000S\000e\000a\000r\000c\000h\000,\000\040\000R\000o\000u\000t\000i\000n\000g\000,\000\040\000a\000n\000d\000\040\000M\000a\000p\000\040\000R\000e\000n\000d\000e\000r\000i\000n\000g}{}% 21
\BOOKMARK [2][-]{section*.28}{\376\377\000L\000o\000c\000a\000l\000-\000F\000i\000r\000s\000t\000\040\000S\000e\000a\000r\000c\000h\000\040\000a\000n\000d\000\040\000R\000a\000n\000k\000i\000n\000g}{section*.27}% 22
\BOOKMARK [2][-]{section*.30}{\376\377\000M\000a\000p\000L\000i\000b\000r\000e\000\040\000a\000n\000d\000\040\000O\000S\000M\000\040\000T\000i\000l\000e\000s}{section*.27}% 23
\BOOKMARK [2][-]{section*.32}{\376\377\000O\000p\000e\000n\000T\000r\000i\000p\000P\000l\000a\000n\000n\000e\000r\000\040\000R\000o\000u\000t\000e\000\040\000P\000l\000a\000n\000n\000i\000n\000g}{section*.27}% 24
\BOOKMARK [1][-]{section*.34}{\376\377\000E\000x\000p\000e\000r\000i\000m\000e\000n\000t\000a\000l\000\040\000A\000R\000\040\000R\000o\000u\000t\000e\000\040\000G\000u\000i\000d\000a\000n\000c\000e}{}% 25
\BOOKMARK [2][-]{section*.35}{\376\377\000R\000o\000u\000t\000e\000\040\000M\000a\000t\000h\000e\000m\000a\000t\000i\000c\000s\000\040\000a\000n\000d\000\040\000P\000r\000o\000g\000r\000e\000s\000s\000\040\000T\000r\000a\000c\000k\000i\000n\000g}{section*.34}% 26
\BOOKMARK [2][-]{section*.36}{\376\377\000T\000h\000r\000e\000e\000.\000j\000s\000\040\000C\000a\000m\000e\000r\000a\000\040\000O\000v\000e\000r\000l\000a\000y}{section*.34}% 27
\BOOKMARK [1][-]{section*.37}{\376\377\000D\000a\000i\000l\000y\000\040\000A\000s\000s\000i\000s\000t\000a\000n\000t\000,\000\040\000F\000a\000c\000i\000l\000i\000t\000i\000e\000s\000,\000\040\000a\000n\000d\000\040\000S\000c\000h\000e\000d\000u\000l\000e}{}% 28
\BOOKMARK [2][-]{section*.39}{\376\377\000F\000a\000c\000i\000l\000i\000t\000y\000\040\000D\000i\000s\000c\000o\000v\000e\000r\000y}{section*.37}% 29
\BOOKMARK [2][-]{section*.40}{\376\377\000S\000c\000h\000e\000d\000u\000l\000e\000\040\000M\000a\000n\000a\000g\000e\000m\000e\000n\000t}{section*.37}% 30
\BOOKMARK [2][-]{section*.41}{\376\377\000R\000e\000c\000o\000m\000m\000e\000n\000d\000a\000t\000i\000o\000n\000\040\000C\000a\000r\000d\000s}{section*.37}% 31
\BOOKMARK [2][-]{section*.42}{\376\377\000L\000L\000M\000\040\000D\000a\000i\000l\000y\000\040\000A\000s\000s\000i\000s\000t\000a\000n\000t}{section*.37}% 32
\BOOKMARK [1][-]{section*.43}{\376\377\000E\000x\000t\000e\000r\000n\000a\000l\000\040\000D\000a\000t\000a\000\040\000a\000n\000d\000\040\000T\000r\000a\000n\000s\000i\000t\000\040\000C\000o\000n\000t\000e\000x\000t}{}% 33
\BOOKMARK [2][-]{section*.44}{\376\377\000N\000U\000S\000M\000o\000d\000s\000\040\000S\000y\000n\000c}{section*.43}% 34
\BOOKMARK [2][-]{section*.45}{\376\377\000B\000u\000s\000\040\000a\000n\000d\000\040\000T\000r\000a\000n\000s\000i\000t\000\040\000C\000o\000n\000t\000e\000x\000t}{section*.43}% 35
\BOOKMARK [2][-]{section*.46}{\376\377\000S\000i\000n\000g\000a\000p\000o\000r\000e\000\040\000P\000u\000b\000l\000i\000c\000\040\000T\000r\000a\000n\000s\000p\000o\000r\000t}{section*.43}% 36
\BOOKMARK [1][-]{section*.47}{\376\377\000M\000o\000b\000i\000l\000e\000\040\000F\000r\000o\000n\000t\000e\000n\000d\000\040\000E\000x\000p\000e\000r\000i\000e\000n\000c\000e}{}% 37
\BOOKMARK [2][-]{section*.48}{\376\377\000R\000e\000s\000p\000o\000n\000s\000i\000v\000e\000\040\000L\000a\000y\000o\000u\000t}{section*.47}% 38
\BOOKMARK [2][-]{section*.50}{\376\377\000P\000e\000r\000s\000o\000n\000a\000l\000i\000s\000a\000t\000i\000o\000n\000\040\000S\000e\000t\000t\000i\000n\000g\000s}{section*.47}% 39
\BOOKMARK [1][-]{section*.52}{\376\377\000S\000t\000a\000n\000d\000a\000r\000d\000i\000s\000e\000d\000\040\000S\000o\000f\000t\000w\000a\000r\000e\000\040\000D\000i\000a\000g\000r\000a\000m\000s}{}% 40
\BOOKMARK [2][-]{section*.53}{\376\377\000E\000R\000\040\000D\000i\000a\000g\000r\000a\000m}{section*.52}% 41
\BOOKMARK [2][-]{section*.55}{\376\377\000A\000c\000t\000i\000v\000i\000t\000y\000\040\000D\000i\000a\000g\000r\000a\000m}{section*.52}% 42
\BOOKMARK [1][-]{section*.57}{\376\377\000A\000u\000t\000o\000m\000a\000t\000e\000d\000\040\000T\000e\000s\000t\000i\000n\000g\000\040\000a\000n\000d\000\040\000Q\000A}{}% 43
\BOOKMARK [2][-]{section*.58}{\376\377\000A\000u\000t\000o\000m\000a\000t\000e\000d\000\040\000C\000h\000e\000c\000k\000s}{section*.57}% 44
\BOOKMARK [2][-]{section*.59}{\376\377\000E\000x\000e\000c\000u\000t\000e\000d\000\040\000U\000n\000i\000t\000\040\000T\000e\000s\000t\000\040\000D\000e\000s\000i\000g\000n}{section*.57}% 45
\BOOKMARK [2][-]{section*.60}{\376\377\000M\000a\000n\000u\000a\000l\000\040\000T\000e\000s\000t\000\040\000M\000a\000t\000r\000i\000x}{section*.57}% 46
\BOOKMARK [1][-]{section*.61}{\376\377\000B\000u\000i\000l\000d\000,\000\040\000D\000e\000p\000l\000o\000y\000m\000e\000n\000t\000,\000\040\000a\000n\000d\000\040\000C\000I\000\040\000G\000a\000p}{}% 47
\BOOKMARK [2][-]{section*.62}{\376\377\000R\000e\000q\000u\000i\000r\000e\000d\000\040\000C\000I\000\040\000G\000a\000t\000e\000s}{section*.61}% 48
\BOOKMARK [2][-]{section*.63}{\376\377\000C\000o\000n\000t\000i\000n\000u\000o\000u\000s\000\040\000D\000e\000p\000l\000o\000y\000m\000e\000n\000t\000\040\000P\000a\000t\000h}{section*.61}% 49
\BOOKMARK [2][-]{section*.64}{\376\377\000S\000o\000f\000t\000w\000a\000r\000e\000\040\000D\000e\000s\000i\000g\000n\000\040\000P\000r\000i\000n\000c\000i\000p\000l\000e\000s}{section*.61}% 50
\BOOKMARK [1][-]{section*.66}{\376\377\000M\000i\000l\000e\000s\000t\000o\000n\000e\000\040\0000\0002\000\040\000P\000r\000o\000g\000r\000e\000s\000s\000\040\000a\000n\000d\000\040\000H\000o\000n\000e\000s\000t\000\040\000L\000i\000m\000i\000t\000a\000t\000i\000o\000n\000s}{}% 51
\BOOKMARK [1][-]{section*.67}{\376\377\000P\000l\000a\000n\000n\000e\000d\000\040\000N\000e\000x\000t\000\040\000S\000t\000e\000p\000s}{}% 52
\BOOKMARK [1][-]{section*.68}{\376\377\000E\000v\000a\000l\000u\000a\000t\000o\000r\000\040\000D\000e\000m\000o\000\040\000R\000o\000u\000t\000e}{}% 53
